0 verbose cli D:\nvm\nodejs\node.exe D:\nvm\nodejs\node_modules\npm\bin\npm-cli.js
1 info using npm@11.16.0
2 info using node@v22.15.1
3 silly config load:file:D:\nvm\v22.15.1\node_modules\npm\npmrc
4 silly config load:file:d:\suyuan\.npmrc
5 silly config load:file:C:\Users\32042\.npmrc
6 silly config load:file:D:\nvm\nodejs\etc\npmrc
7 verbose title npm create vite@latest realive-guard --template react-ts
8 verbose argv "create" "vite@latest" "realive-guard" "--" "--template" "react-ts"
9 verbose logfile logs-max:10 dir:D:\suyuan\_logs\2026-09-07T11_42_26_362Z-
10 verbose logfile D:\suyuan\_logs\2026-09-07T11_42_26_362Z-debug-0.log
11 silly logfile done cleaning log files
12 silly packumentCache heap:4345298944 maxSize:1086324736 maxEntrySize:543162368
13 http fetch GET 200 https://registry.npmmirror.com/create-vite 188ms (cache miss)
14 silly packumentCache heap:4345298944 maxSize:1086324736 maxEntrySize:543162368
15 silly idealTree buildDeps
16 silly fetch manifest create-vite@9.2.0
17 silly packumentCache full:https://registry.npmmirror.com/create-vite cache-miss
18 http fetch GET 200 https://registry.npmmirror.com/npm 254ms
19 http fetch GET 200 https://registry.npmmirror.com/create-vite 63ms (cache miss)
20 silly packumentCache full:https://registry.npmmirror.com/create-vite set size:60539 disposed:false
21 silly placeDep ROOT create-vite@9.2.0 OK for:  want: 9.2.0
22 silly reify moves {}
23 silly audit bulk request { 'create-vite': [ '9.2.0' ] }
24 http cache create-vite@https://registry.npmmirror.com/create-vite/-/create-vite-9.2.0.tgz 1ms (cache hit)
25 silly tarball no local data for create-vite@https://registry.npmmirror.com/create-vite/-/create-vite-9.2.0.tgz. Extracting by manifest.
26 http fetch POST 404 https://registry.npmmirror.com/-/npm/v1/security/advisories/bulk 23ms
27 verbose audit error HttpErrorGeneral: 404 Not Found - POST https://registry.npmmirror.com/-/npm/v1/security/advisories/bulk - [NOT_IMPLEMENTED] /-/npm/v1/security/* not implemented yet
27 verbose audit error     at D:\nvm\v22.15.1\node_modules\npm\node_modules\npm-registry-fetch\lib\check-response.js:103:15
27 verbose audit error     at process.processTicksAndRejections (node:internal/process/task_queues:105:5)
27 verbose audit error     at async #getReport (D:\nvm\v22.15.1\node_modules\npm\node_modules\@npmcli\arborist\lib\audit-report.js:275:19)
27 verbose audit error     at async AuditReport.run (D:\nvm\v22.15.1\node_modules\npm\node_modules\@npmcli\arborist\lib\audit-report.js:100:19) {
27 verbose audit error   headers: [Object: null prototype] {
27 verbose audit error     server: [ 'Tengine' ],
27 verbose audit error     date: [ 'Mon, 07 Sep 2026 11:42:26 GMT' ],
27 verbose audit error     'content-type': [ 'application/json' ],
27 verbose audit error     'transfer-encoding': [ 'chunked' ],
27 verbose audit error     connection: [ 'keep-alive' ],
27 verbose audit error     'strict-transport-security': [ 'max-age=5184000' ],
27 verbose audit error     via: [ 'kunlun4.cn9067[,404666]' ],
27 verbose audit error     'timing-allow-origin': [ '*' ],
27 verbose audit error     eagleid: [ '01c21f0917887813466154248e' ],
27 verbose audit error     'x-fetch-attempts': [ '1' ]
27 verbose audit error   },
27 verbose audit error   statusCode: 404,
27 verbose audit error   code: 'E404',
27 verbose audit error   method: 'POST',
27 verbose audit error   uri: 'https://registry.npmmirror.com/-/npm/v1/security/advisories/bulk',
27 verbose audit error   body: {
27 verbose audit error     error: '[NOT_IMPLEMENTED] /-/npm/v1/security/* not implemented yet'
27 verbose audit error   },
27 verbose audit error   pkgid: undefined
27 verbose audit error }
28 silly audit error [object Object]
29 silly audit report null
30 http fetch GET 200 https://cdn.npmmirror.com/packages/create-vite/9.2.0/create-vite-9.2.0.tgz 618ms (cache miss)
