0 verbose cli D:\nvm\nodejs\node.exe D:\nvm\nodejs\node_modules\npm\bin\npm-cli.js
1 info using npm@11.16.0
2 info using node@v22.15.1
3 silly config load:file:D:\nvm\v22.15.1\node_modules\npm\npmrc
4 silly config load:file:d:\suyuan\.npmrc
5 silly config load:file:C:\Users\32042\.npmrc
6 silly config load:file:D:\nvm\nodejs\etc\npmrc
7 verbose title npm create vite@latest realive-guard --template react-ts
8 verbose argv "create" "vite@latest" "realive-guard" "--" "--template" "react-ts"
9 verbose logfile logs-max:10 dir:D:\suyuan\_logs\2026-09-07T11_42_44_216Z-
10 verbose logfile D:\suyuan\_logs\2026-09-07T11_42_44_216Z-debug-0.log
11 silly logfile done cleaning log files
12 silly packumentCache heap:4345298944 maxSize:1086324736 maxEntrySize:543162368
13 http fetch GET 200 https://registry.npmmirror.com/create-vite 100ms (cache revalidated)
14 silly packumentCache heap:4345298944 maxSize:1086324736 maxEntrySize:543162368
15 verbose cwd d:\suyuan
16 verbose os Windows_NT 10.0.26200
17 verbose node v22.15.1
18 verbose npm  v11.16.0
19 verbose exit 0
20 info ok
