0 verbose cli D:\nvm\nodejs\node.exe D:\nvm\nodejs\node_modules\npm\bin\npm-cli.js
1 info using npm@11.16.0
2 info using node@v22.15.1
3 silly config load:file:D:\nvm\v22.15.1\node_modules\npm\npmrc
4 silly config load:file:d:\suyuan\realive-guard\.npmrc
5 silly config load:file:C:\Users\32042\.npmrc
6 silly config load:file:D:\nvm\nodejs\etc\npmrc
7 verbose title npm install react-router-dom
8 verbose argv "install" "react-router-dom"
9 verbose logfile logs-max:10 dir:D:\suyuan\realive-guard\_logs\2026-09-07T11_43_00_116Z-
10 verbose logfile D:\suyuan\realive-guard\_logs\2026-09-07T11_43_00_116Z-debug-0.log
11 silly logfile done cleaning log files
12 silly packumentCache heap:4345298944 maxSize:1086324736 maxEntrySize:543162368
13 silly idealTree buildDeps
14 silly fetch manifest react-router-dom@*
15 silly packumentCache full:https://registry.npmmirror.com/react-router-dom cache-miss
16 http fetch GET 200 https://registry.npmmirror.com/react-router-dom 327ms (cache miss)
17 silly packumentCache full:https://registry.npmmirror.com/react-router-dom set size:476981 disposed:false
18 silly fetch manifest react@^19.2.8
19 silly packumentCache full:https://registry.npmmirror.com/react cache-miss
20 http cache https://registry.npmmirror.com/react 16ms (cache hit)
21 silly packumentCache full:https://registry.npmmirror.com/react set size:6705070 disposed:false
22 silly fetch manifest react-dom@^19.2.8
23 silly packumentCache full:https://registry.npmmirror.com/react-dom cache-miss
24 http cache https://registry.npmmirror.com/react-dom 17ms (cache hit)
25 silly packumentCache full:https://registry.npmmirror.com/react-dom set size:9081527 disposed:false
26 silly placeDep ROOT react-router-dom@7.18.3 OK for: realive-guard@0.0.0 want: *
27 silly fetch manifest react-router@7.18.3
28 silly packumentCache full:https://registry.npmmirror.com/react-router cache-miss
29 http fetch GET 200 https://registry.npmmirror.com/react-router 184ms (cache miss)
30 silly packumentCache full:https://registry.npmmirror.com/react-router set size:574023 disposed:false
31 silly fetch manifest react@>=18
32 silly packumentCache full:https://registry.npmmirror.com/react cache-miss
33 http cache https://registry.npmmirror.com/react 13ms (cache hit)
34 silly packumentCache full:https://registry.npmmirror.com/react set size:6705070 disposed:false
35 silly fetch manifest react-dom@>=18
36 silly packumentCache full:https://registry.npmmirror.com/react-dom cache-miss
37 http cache https://registry.npmmirror.com/react-dom 16ms (cache hit)
38 silly packumentCache full:https://registry.npmmirror.com/react-dom set size:9081527 disposed:false
39 silly placeDep ROOT react-router@7.18.3 OK for: react-router-dom@7.18.3 want: 7.18.3
40 silly fetch manifest cookie@^1.0.1
41 silly packumentCache full:https://registry.npmmirror.com/cookie cache-miss
42 silly fetch manifest set-cookie-parser@^2.6.0
43 silly packumentCache full:https://registry.npmmirror.com/set-cookie-parser cache-miss
44 http fetch GET 200 https://registry.npmmirror.com/cookie 31ms (cache miss)
45 silly packumentCache full:https://registry.npmmirror.com/cookie set size:18751 disposed:false
46 http fetch GET 200 https://registry.npmmirror.com/set-cookie-parser 155ms (cache miss)
47 silly packumentCache full:https://registry.npmmirror.com/set-cookie-parser set size:15524 disposed:false
48 silly placeDep ROOT cookie@1.1.1 OK for: react-router@7.18.3 want: ^1.0.1
49 silly placeDep ROOT set-cookie-parser@2.7.2 OK for: react-router@7.18.3 want: ^2.6.0
50 silly reify moves {}
51 silly audit bulk request {
51 silly audit   '@oxc-project/types': [ '0.148.0' ],
51 silly audit   '@oxlint/binding-android-arm-eabi': [ '1.81.0' ],
51 silly audit   '@oxlint/binding-android-arm64': [ '1.81.0' ],
51 silly audit   '@oxlint/binding-darwin-arm64': [ '1.81.0' ],
51 silly audit   '@oxlint/binding-darwin-x64': [ '1.81.0' ],
51 silly audit   '@oxlint/binding-freebsd-x64': [ '1.81.0' ],
51 silly audit   '@oxlint/binding-linux-arm-gnueabihf': [ '1.81.0' ],
51 silly audit   '@oxlint/binding-linux-arm-musleabihf': [ '1.81.0' ],
51 silly audit   '@oxlint/binding-linux-arm64-gnu': [ '1.81.0' ],
51 silly audit   '@oxlint/binding-linux-arm64-musl': [ '1.81.0' ],
51 silly audit   '@oxlint/binding-linux-ppc64-gnu': [ '1.81.0' ],
51 silly audit   '@oxlint/binding-linux-riscv64-gnu': [ '1.81.0' ],
51 silly audit   '@oxlint/binding-linux-riscv64-musl': [ '1.81.0' ],
51 silly audit   '@oxlint/binding-linux-s390x-gnu': [ '1.81.0' ],
51 silly audit   '@oxlint/binding-linux-x64-gnu': [ '1.81.0' ],
51 silly audit   '@oxlint/binding-linux-x64-musl': [ '1.81.0' ],
51 silly audit   '@oxlint/binding-openharmony-arm64': [ '1.81.0' ],
51 silly audit   '@oxlint/binding-win32-arm64-msvc': [ '1.81.0' ],
51 silly audit   '@oxlint/binding-win32-ia32-msvc': [ '1.81.0' ],
51 silly audit   '@oxlint/binding-win32-x64-msvc': [ '1.81.0' ],
51 silly audit   '@rolldown/binding-android-arm-eabi': [ '1.2.7' ],
51 silly audit   '@rolldown/binding-android-arm64': [ '1.2.7' ],
51 silly audit   '@rolldown/binding-darwin-arm64': [ '1.2.7' ],
51 silly audit   '@rolldown/binding-darwin-x64': [ '1.2.7' ],
51 silly audit   '@rolldown/binding-freebsd-x64': [ '1.2.7' ],
51 silly audit   '@rolldown/binding-linux-arm-gnueabihf': [ '1.2.7' ],
51 silly audit   '@rolldown/binding-linux-arm64-gnu': [ '1.2.7' ],
51 silly audit   '@rolldown/binding-linux-arm64-musl': [ '1.2.7' ],
51 silly audit   '@rolldown/binding-linux-ppc64-gnu': [ '1.2.7' ],
51 silly audit   '@rolldown/binding-linux-s390x-gnu': [ '1.2.7' ],
51 silly audit   '@rolldown/binding-linux-x64-gnu': [ '1.2.7' ],
51 silly audit   '@rolldown/binding-linux-x64-musl': [ '1.2.7' ],
51 silly audit   '@rolldown/binding-openharmony-arm64': [ '1.2.7' ],
51 silly audit   '@rolldown/binding-win32-arm64-msvc': [ '1.2.7' ],
51 silly audit   '@rolldown/binding-win32-x64-msvc': [ '1.2.7' ],
51 silly audit   '@rolldown/pluginutils': [ '1.0.1' ],
51 silly audit   '@types/node': [ '24.13.3' ],
51 silly audit   '@types/react': [ '19.2.18' ],
51 silly audit   '@types/react-dom': [ '19.2.7' ],
51 silly audit   '@vitejs/plugin-react': [ '6.1.1' ],
51 silly audit   csstype: [ '3.2.3' ],
51 silly audit   'detect-libc': [ '2.1.2' ],
51 silly audit   fdir: [ '6.5.0' ],
51 silly audit   fsevents: [ '2.3.3' ],
51 silly audit   lightningcss: [ '1.33.0' ],
51 silly audit   'lightningcss-android-arm64': [ '1.33.0' ],
51 silly audit   'lightningcss-darwin-arm64': [ '1.33.0' ],
51 silly audit   'lightningcss-darwin-x64': [ '1.33.0' ],
51 silly audit   'lightningcss-freebsd-x64': [ '1.33.0' ],
51 silly audit   'lightningcss-linux-arm-gnueabihf': [ '1.33.0' ],
51 silly audit   'lightningcss-linux-arm64-gnu': [ '1.33.0' ],
51 silly audit   'lightningcss-linux-arm64-musl': [ '1.33.0' ],
51 silly audit   'lightningcss-linux-x64-gnu': [ '1.33.0' ],
51 silly audit   'lightningcss-linux-x64-musl': [ '1.33.0' ],
51 silly audit   'lightningcss-win32-arm64-msvc': [ '1.33.0' ],
51 silly audit   'lightningcss-win32-x64-msvc': [ '1.33.0' ],
51 silly audit   nanoid: [ '3.3.18' ],
51 silly audit   oxlint: [ '1.81.0' ],
51 silly audit   picocolors: [ '1.1.1' ],
51 silly audit   picomatch: [ '4.0.7' ],
51 silly audit   postcss: [ '8.5.28' ],
51 silly audit   react: [ '19.2.8' ],
51 silly audit   'react-dom': [ '19.2.8' ],
51 silly audit   rolldown: [ '1.2.7' ],
51 silly audit   scheduler: [ '0.27.0' ],
51 silly audit   'source-map-js': [ '1.2.1' ],
51 silly audit   tinyglobby: [ '0.2.17' ],
51 silly audit   typescript: [ '6.0.3' ],
51 silly audit   'undici-types': [ '7.18.2' ],
51 silly audit   vite: [ '8.2.2' ],
51 silly audit   'react-router-dom': [ '7.18.3' ],
51 silly audit   'react-router': [ '7.18.3' ],
51 silly audit   cookie: [ '1.1.1' ],
51 silly audit   'set-cookie-parser': [ '2.7.2' ]
51 silly audit }
52 http cache cookie@https://registry.npmmirror.com/cookie/-/cookie-1.1.1.tgz 0ms (cache hit)
53 http cache react-router@https://registry.npmmirror.com/react-router/-/react-router-7.18.3.tgz 0ms (cache hit)
54 silly tarball no local data for cookie@https://registry.npmmirror.com/cookie/-/cookie-1.1.1.tgz. Extracting by manifest.
55 silly tarball no local data for react-router@https://registry.npmmirror.com/react-router/-/react-router-7.18.3.tgz. Extracting by manifest.
56 http cache react-router-dom@https://registry.npmmirror.com/react-router-dom/-/react-router-dom-7.18.3.tgz 0ms (cache hit)
57 http cache set-cookie-parser@https://registry.npmmirror.com/set-cookie-parser/-/set-cookie-parser-2.7.2.tgz 0ms (cache hit)
58 silly tarball no local data for react-router-dom@https://registry.npmmirror.com/react-router-dom/-/react-router-dom-7.18.3.tgz. Extracting by manifest.
59 silly tarball no local data for set-cookie-parser@https://registry.npmmirror.com/set-cookie-parser/-/set-cookie-parser-2.7.2.tgz. Extracting by manifest.
60 http fetch POST 404 https://registry.npmmirror.com/-/npm/v1/security/advisories/bulk 18ms
61 verbose audit error HttpErrorGeneral: 404 Not Found - POST https://registry.npmmirror.com/-/npm/v1/security/advisories/bulk - [NOT_IMPLEMENTED] /-/npm/v1/security/* not implemented yet
61 verbose audit error     at D:\nvm\v22.15.1\node_modules\npm\node_modules\npm-registry-fetch\lib\check-response.js:103:15
61 verbose audit error     at process.processTicksAndRejections (node:internal/process/task_queues:105:5)
61 verbose audit error     at async #getReport (D:\nvm\v22.15.1\node_modules\npm\node_modules\@npmcli\arborist\lib\audit-report.js:275:19)
61 verbose audit error     at async AuditReport.run (D:\nvm\v22.15.1\node_modules\npm\node_modules\@npmcli\arborist\lib\audit-report.js:100:19) {
61 verbose audit error   headers: [Object: null prototype] {
61 verbose audit error     server: [ 'Tengine' ],
61 verbose audit error     date: [ 'Mon, 07 Sep 2026 11:43:00 GMT' ],
61 verbose audit error     'content-type': [ 'application/json' ],
61 verbose audit error     'transfer-encoding': [ 'chunked' ],
61 verbose audit error     connection: [ 'keep-alive' ],
61 verbose audit error     'strict-transport-security': [ 'max-age=5184000' ],
61 verbose audit error     via: [ 'kunlun6.cn9067[,404666]' ],
61 verbose audit error     'timing-allow-origin': [ '*' ],
61 verbose audit error     eagleid: [ '01c21f0b17887813807502274e' ],
61 verbose audit error     'x-fetch-attempts': [ '1' ]
61 verbose audit error   },
61 verbose audit error   statusCode: 404,
61 verbose audit error   code: 'E404',
61 verbose audit error   method: 'POST',
61 verbose audit error   uri: 'https://registry.npmmirror.com/-/npm/v1/security/advisories/bulk',
61 verbose audit error   body: {
61 verbose audit error     error: '[NOT_IMPLEMENTED] /-/npm/v1/security/* not implemented yet'
61 verbose audit error   },
61 verbose audit error   pkgid: undefined
61 verbose audit error }
62 silly audit error [object Object]
63 silly audit report null
64 http fetch GET 200 https://cdn.npmmirror.com/packages/react-router-dom/7.18.3/react-router-dom-7.18.3.tgz 171ms (cache miss)
65 http fetch GET 200 https://cdn.npmmirror.com/packages/cookie/1.1.1/cookie-1.1.1.tgz 177ms (cache miss)
66 http fetch GET 200 https://cdn.npmmirror.com/packages/set-cookie-parser/2.7.2/set-cookie-parser-2.7.2.tgz 185ms (cache miss)
67 http fetch GET 200 https://cdn.npmmirror.com/packages/react-router/7.18.3/react-router-7.18.3.tgz 589ms (cache miss)
68 silly ADD node_modules/set-cookie-parser
69 silly ADD node_modules/cookie
70 silly ADD node_modules/react-router
71 silly ADD node_modules/react-router-dom
72 verbose cwd d:\suyuan\realive-guard
73 verbose os Windows_NT 10.0.26200
74 verbose node v22.15.1
75 verbose npm  v11.16.0
76 verbose exit 0
77 info ok
